(EQ 0b00000000000000000000000000000000 0b00000000000000000000000000000000)
(SW 0b00000000000000000000000000000000)
